$ playwright test

Running 45 tests using 1 worker

  ✓   1 e2e/views.spec.ts:30:3 › SendPalm real backend — empty states (no mock data) › Topbar shows slim brand and search; no redundant title (3.3s)
  ✓   2 e2e/views.spec.ts:46:3 › SendPalm real backend — empty states (no mock data) › Imbox shows real empty-state copy (NOT 'Inbox zero' mock) (3.2s)
  ✓   3 e2e/views.spec.ts:57:3 › SendPalm real backend — empty states (no mock data) › Stream view empty state (4.3s)
  ✓   4 e2e/views.spec.ts:64:3 › SendPalm real backend — empty states (no mock data) › Records view empty state (3.1s)
  ✓   5 e2e/views.spec.ts:71:3 › SendPalm real backend — empty states (no mock data) › Contacts view empty state (3.1s)
  ✓   6 e2e/views.spec.ts:78:3 › SendPalm real backend — empty states (no mock data) › Calendar view empty state (3.4s)
  ✓   7 e2e/views.spec.ts:85:3 › SendPalm real backend — empty states (no mock data) › Files view empty state (3.2s)
  ✓   8 e2e/views.spec.ts:92:3 › SendPalm real backend — empty states (no mock data) › Drafts view empty state (3.2s)
  ✓   9 e2e/views.spec.ts:99:3 › SendPalm real backend — empty states (no mock data) › Follow-ups view empty state (3.2s)
  ✓  10 e2e/views.spec.ts:106:3 › SendPalm real backend — empty states (no mock data) › Clips view empty state (3.1s)
  ✓  11 e2e/views.spec.ts:113:3 › SendPalm real backend — empty states (no mock data) › Insights view empty state (3.6s)
  ✓  12 e2e/views.spec.ts:120:3 › SendPalm real backend — empty states (no mock data) › Settings → Accounts → Add account modal has provider dropdown (5.1s)
  ✓  13 e2e/views.spec.ts:181:3 › SendPalm real backend — empty states (no mock data) › Topbar sync badge opens multi-account popover with empty-state hint (3.4s)
  ✓  14 e2e/views.spec.ts:206:3 › SendPalm real backend — empty states (no mock data) › Command palette opens with ⌘K and shows search across views/people (3.6s)
  ✓  15 e2e/views.spec.ts:223:3 › SendPalm real backend — empty states (no mock data) › Sidebar exposes 15 stable [data-nav-view] buttons (4.2s)
  ✓  16 e2e/views.spec.ts:252:3 › SendPalm real backend — empty states (no mock data) › Compose modal can be filled and sends via backend bridge (3.5s)
  ✓  17 e2e/views.spec.ts:292:3 › Responsive layout › iPhone SE shows bottom tab bar with per-icon labels (3.4s)
  ✓  18 e2e/views.spec.ts:327:3 › Responsive layout › Settings page uses iOS-style menu on mobile (4.2s)
  ✓  19 e2e/views.spec.ts:367:3 › Responsive layout — iPad portrait › iPad shows sidebar icons vertically and overlays the detail panel (3.0s)
  ✓  20 e2e/views.spec.ts:387:3 › Responsive layout — iPad portrait › iPad portrait shows icon-only sidebar and tooltip on hover (2.7s)
  ✓  21 e2e/views.spec.ts:404:3 › Responsive layout — iPad landscape › iPad landscape lays out like desktop with sidebar + main + (overlay) detail (2.9s)
  -  22 e2e/views.spec.ts:434:3 › Real backend integration — desktop only › Rust IMAP/SMTP integration tests pass against live Feishu
  ✓  23 e2e/workflows.spec.ts:170:3 › Email workflows › Gate approval moves a first-sender message to Imbox (3.6s)
  ✓  24 e2e/workflows.spec.ts:186:3 › Email workflows › Reply opens Compose with correct recipient and Re: subject (3.7s)
  ✓  25 e2e/workflows.spec.ts:212:3 › Email workflows › Forward opens Compose with Fwd: subject and quoted body (3.6s)
  ✓  26 e2e/workflows.spec.ts:237:3 › Email workflows › Calendar invite adds event and it appears in Calendar (4.2s)
  ✓  27 e2e/workflows.spec.ts:310:3 › Email workflows › Reply Later moves a message to the Reply Later pile and can be undone (3.5s)
  ✓  28 e2e/workflows.spec.ts:343:3 › Email workflows › Set Aside moves a message to the Set Aside pile and can be undone (3.6s)
  ✓  29 e2e/workflows.spec.ts:376:3 › Email workflows › Thread-first detail expands older message and shows both bodies (3.5s)
  ✓  30 e2e/workflows.spec.ts:424:3 › Email workflows › Trash action shows undo toast and restores message to Imbox (4.6s)
  ✓  31 e2e/workflows.spec.ts:453:3 › Email workflows › Source view renders the raw message source (3.3s)
  ✓  32 e2e/workflows.spec.ts:468:3 › Email workflows › Save message as draft from MessagePanel More menu (3.7s)
  ✓  33 e2e/workflows.spec.ts:490:3 › Email workflows › LiveSearch surfaces events and jumps to Calendar on click (2.9s)
  ✓  34 e2e/workflows.spec.ts:528:3 › Email workflows › MessagePanel header Summarize opens the Agent panel (3.4s)
  ✓  35 e2e/workflows.spec.ts:542:3 › Email workflows › MessagePanel header Copy copies the message body to clipboard (3.3s)
  ✓  36 e2e/workflows.spec.ts:558:3 › Email workflows › MessagePanel header Download triggers a message download (3.5s)
  ✓  37 e2e/workflows.spec.ts:572:3 › Email workflows › Calendar filter chips filter events by kind (3.0s)
  ✓  38 e2e/workflows.spec.ts:667:3 › Email workflows › More menu direct move moves a message to Records (3.9s)
  ✓  39 e2e/workflows.spec.ts:692:3 › Email workflows › More menu Ask Agent opens the Agent panel (3.5s)
  ✓  40 e2e/workflows.spec.ts:705:3 › Email workflows › ContactPanel indexes messages, files and events by contact (3.7s)
  ✓  41 e2e/workflows.spec.ts:826:3 › Email workflows › Reply All opens Compose with sender, original To and CC (3.6s)
  ✓  42 e2e/workflows.spec.ts:859:3 › Email workflows › MessagePanel shows attachments and can trigger download (3.5s)
  ✓  43 e2e/workflows.spec.ts:924:3 › Email workflows › Compose can attach a file and send in browser mode (3.2s)
  ✓  44 e2e/workflows.spec.ts:1059:3 › Mobile workflows with data › Imbox, MessagePanel, ContactPanel, Calendar and Files render on iPhone (5.0s)
  ✓  45 e2e/workflows.spec.ts:1147:3 › Mobile workflows with data › Mobile reply flow opens Compose full-screen (4.1s)

  1 skipped
  44 passed (2.7m)
